Archive member included because of file (symbol)

d:/imt_sdk_win_64/winavr/bin/../lib/gcc/avr/4.3.3/avr5\libgcc.a(_mulsi3.o)
                              ./ECUAL/lcd_program.o (__mulsi3)
d:/imt_sdk_win_64/winavr/bin/../lib/gcc/avr/4.3.3/avr5\libgcc.a(_udivmodsi4.o)
                              ./ECUAL/lcd_program.o (__udivmodsi4)
d:/imt_sdk_win_64/winavr/bin/../lib/gcc/avr/4.3.3/avr5\libgcc.a(_exit.o)
                              d:/imt_sdk_win_64/winavr/bin/../lib/gcc/avr/4.3.3/../../../../avr/lib/avr5/crtm32.o (exit)
d:/imt_sdk_win_64/winavr/bin/../lib/gcc/avr/4.3.3/avr5\libgcc.a(_copy_data.o)
                              ./MCAL/timers_program.o (__do_copy_data)
d:/imt_sdk_win_64/winavr/bin/../lib/gcc/avr/4.3.3/avr5\libgcc.a(_clear_bss.o)
                              ./MCAL/adc_program.o (__do_clear_bss)

Memory Configuration

Name             Origin             Length             Attributes
text             0x00000000         0x00020000         xr
data             0x00800060         0x0000ffa0         rw !x
eeprom           0x00810000         0x00010000         rw !x
fuse             0x00820000         0x00000400         rw !x
lock             0x00830000         0x00000400         rw !x
signature        0x00840000         0x00000400         rw !x
*default*        0x00000000         0xffffffff

Linker script and memory map

LOAD d:/imt_sdk_win_64/winavr/bin/../lib/gcc/avr/4.3.3/../../../../avr/lib/avr5/crtm32.o
LOAD ./MCAL/adc_program.o
LOAD ./MCAL/dio_program.o
LOAD ./MCAL/timers_program.o
LOAD ./ECUAL/lcd_program.o
LOAD ./ECUAL/temp_sensor_lm35_program.o
LOAD ./APP/main.o
LOAD d:/imt_sdk_win_64/winavr/bin/../lib/gcc/avr/4.3.3/avr5\libgcc.a
LOAD d:/imt_sdk_win_64/winavr/bin/../lib/gcc/avr/4.3.3/../../../../avr/lib/avr5\libc.a
LOAD d:/imt_sdk_win_64/winavr/bin/../lib/gcc/avr/4.3.3/avr5\libgcc.a

.hash
 *(.hash)

.dynsym
 *(.dynsym)

.dynstr
 *(.dynstr)

.gnu.version
 *(.gnu.version)

.gnu.version_d
 *(.gnu.version_d)

.gnu.version_r
 *(.gnu.version_r)

.rel.init
 *(.rel.init)

.rela.init
 *(.rela.init)

.rel.text
 *(.rel.text)
 *(.rel.text.*)
 *(.rel.gnu.linkonce.t*)

.rela.text
 *(.rela.text)
 *(.rela.text.*)
 *(.rela.gnu.linkonce.t*)

.rel.fini
 *(.rel.fini)

.rela.fini
 *(.rela.fini)

.rel.rodata
 *(.rel.rodata)
 *(.rel.rodata.*)
 *(.rel.gnu.linkonce.r*)

.rela.rodata
 *(.rela.rodata)
 *(.rela.rodata.*)
 *(.rela.gnu.linkonce.r*)

.rel.data
 *(.rel.data)
 *(.rel.data.*)
 *(.rel.gnu.linkonce.d*)

.rela.data
 *(.rela.data)
 *(.rela.data.*)
 *(.rela.gnu.linkonce.d*)

.rel.ctors
 *(.rel.ctors)

.rela.ctors
 *(.rela.ctors)

.rel.dtors
 *(.rel.dtors)

.rela.dtors
 *(.rela.dtors)

.rel.got
 *(.rel.got)

.rela.got
 *(.rela.got)

.rel.bss
 *(.rel.bss)

.rela.bss
 *(.rela.bss)

.rel.plt
 *(.rel.plt)

.rela.plt
 *(.rela.plt)

.text           0x00000000     0x2158
 *(.vectors)
 .vectors       0x00000000       0x54 d:/imt_sdk_win_64/winavr/bin/../lib/gcc/avr/4.3.3/../../../../avr/lib/avr5/crtm32.o
                0x00000000                __vectors
                0x00000000                __vector_default
 *(.vectors)
 *(.progmem.gcc*)
 *(.progmem*)
                0x00000054                . = ALIGN (0x2)
                0x00000054                __trampolines_start = .
 *(.trampolines)
 .trampolines   0x00000054        0x0 linker stubs
 *(.trampolines*)
                0x00000054                __trampolines_end = .
 *(.jumptables)
 *(.jumptables*)
 *(.lowtext)
 *(.lowtext*)
                0x00000054                __ctors_start = .
 *(.ctors)
                0x00000054                __ctors_end = .
                0x00000054                __dtors_start = .
 *(.dtors)
                0x00000054                __dtors_end = .
 SORT(*)(.ctors)
 SORT(*)(.dtors)
 *(.init0)
 .init0         0x00000054        0x0 d:/imt_sdk_win_64/winavr/bin/../lib/gcc/avr/4.3.3/../../../../avr/lib/avr5/crtm32.o
                0x00000054                __init
 *(.init0)
 *(.init1)
 *(.init1)
 *(.init2)
 .init2         0x00000054        0xc d:/imt_sdk_win_64/winavr/bin/../lib/gcc/avr/4.3.3/../../../../avr/lib/avr5/crtm32.o
 *(.init2)
 *(.init3)
 *(.init3)
 *(.init4)
 .init4         0x00000060       0x16 d:/imt_sdk_win_64/winavr/bin/../lib/gcc/avr/4.3.3/avr5\libgcc.a(_copy_data.o)
                0x00000060                __do_copy_data
 .init4         0x00000076       0x10 d:/imt_sdk_win_64/winavr/bin/../lib/gcc/avr/4.3.3/avr5\libgcc.a(_clear_bss.o)
                0x00000076                __do_clear_bss
 *(.init4)
 *(.init5)
 *(.init5)
 *(.init6)
 *(.init6)
 *(.init7)
 *(.init7)
 *(.init8)
 *(.init8)
 *(.init9)
 .init9         0x00000086        0x8 d:/imt_sdk_win_64/winavr/bin/../lib/gcc/avr/4.3.3/../../../../avr/lib/avr5/crtm32.o
 *(.init9)
 *(.text)
 .text          0x0000008e        0x4 d:/imt_sdk_win_64/winavr/bin/../lib/gcc/avr/4.3.3/../../../../avr/lib/avr5/crtm32.o
                0x0000008e                __vector_1
                0x0000008e                __vector_12
                0x0000008e                __bad_interrupt
                0x0000008e                __vector_6
                0x0000008e                __vector_3
                0x0000008e                __vector_13
                0x0000008e                __vector_17
                0x0000008e                __vector_19
                0x0000008e                __vector_7
                0x0000008e                __vector_5
                0x0000008e                __vector_4
                0x0000008e                __vector_9
                0x0000008e                __vector_2
                0x0000008e                __vector_15
                0x0000008e                __vector_8
                0x0000008e                __vector_14
                0x0000008e                __vector_18
                0x0000008e                __vector_20
 .text          0x00000092        0x0 ./MCAL/adc_program.o
 .text          0x00000092        0x0 ./MCAL/dio_program.o
 .text          0x00000092        0x0 ./MCAL/timers_program.o
 .text          0x00000092        0x0 ./ECUAL/lcd_program.o
 .text          0x00000092        0x0 ./ECUAL/temp_sensor_lm35_program.o
 .text          0x00000092        0x0 ./APP/main.o
 .text          0x00000092        0x0 d:/imt_sdk_win_64/winavr/bin/../lib/gcc/avr/4.3.3/avr5\libgcc.a(_mulsi3.o)
 .text          0x00000092        0x0 d:/imt_sdk_win_64/winavr/bin/../lib/gcc/avr/4.3.3/avr5\libgcc.a(_udivmodsi4.o)
 .text          0x00000092        0x0 d:/imt_sdk_win_64/winavr/bin/../lib/gcc/avr/4.3.3/avr5\libgcc.a(_exit.o)
 .text          0x00000092        0x0 d:/imt_sdk_win_64/winavr/bin/../lib/gcc/avr/4.3.3/avr5\libgcc.a(_copy_data.o)
 .text          0x00000092        0x0 d:/imt_sdk_win_64/winavr/bin/../lib/gcc/avr/4.3.3/avr5\libgcc.a(_clear_bss.o)
                0x00000092                . = ALIGN (0x2)
 *(.text.*)
 .text.ADC_voidInit
                0x00000092       0xee ./MCAL/adc_program.o
                0x00000092                ADC_voidInit
 .text.ADC_voidStartConversion
                0x00000180       0x2a ./MCAL/adc_program.o
                0x00000180                ADC_voidStartConversion
 .text.ADC_voidStop
                0x000001aa       0x1c ./MCAL/adc_program.o
                0x000001aa                ADC_voidStop
 .text.ADC_u8AutoTrigOn
                0x000001c6      0x1c8 ./MCAL/adc_program.o
                0x000001c6                ADC_u8AutoTrigOn
 .text.ADC_u8AutoTrigOff
                0x0000038e       0x1c ./MCAL/adc_program.o
                0x0000038e                ADC_u8AutoTrigOff
 .text.ADC_voidIntEn
                0x000003aa       0x1c ./MCAL/adc_program.o
                0x000003aa                ADC_voidIntEn
 .text.ADC_voidIntDis
                0x000003c6       0x1c ./MCAL/adc_program.o
                0x000003c6                ADC_voidIntDis
 .text.ADC_u8GetFlagInt
                0x000003e2       0x42 ./MCAL/adc_program.o
                0x000003e2                ADC_u8GetFlagInt
 .text.ADC_u8GetResult
                0x00000424       0x64 ./MCAL/adc_program.o
                0x00000424                ADC_u8GetResult
 .text.ADC_voidSetCallBack
                0x00000488       0x24 ./MCAL/adc_program.o
                0x00000488                ADC_voidSetCallBack
 .text.__vector_16
                0x000004ac       0x66 ./MCAL/adc_program.o
                0x000004ac                __vector_16
 .text.DIO_u8SetPinVal
                0x00000512      0x214 ./MCAL/dio_program.o
                0x00000512                DIO_u8SetPinVal
 .text.DIO_u8SetPinDir
                0x00000726      0x214 ./MCAL/dio_program.o
                0x00000726                DIO_u8SetPinDir
 .text.DIO_u8SetPortVal
                0x0000093a       0x94 ./MCAL/dio_program.o
                0x0000093a                DIO_u8SetPortVal
 .text.DIO_u8SetPortDir
                0x000009ce       0x94 ./MCAL/dio_program.o
                0x000009ce                DIO_u8SetPortDir
 .text.DIO_u8GetPinVal
                0x00000a62      0x128 ./MCAL/dio_program.o
                0x00000a62                DIO_u8GetPinVal
 .text.DIO_u8GetPortVal
                0x00000b8a       0xa8 ./MCAL/dio_program.o
                0x00000b8a                DIO_u8GetPortVal
 .text.DIO_u8TogPinVal
                0x00000c32      0x11a ./MCAL/dio_program.o
                0x00000c32                DIO_u8TogPinVal
 .text.DIO_voidDisablePullUps
                0x00000d4c       0x1c ./MCAL/dio_program.o
                0x00000d4c                DIO_voidDisablePullUps
 .text.DIO_voidEnablePullUps
                0x00000d68       0x1c ./MCAL/dio_program.o
                0x00000d68                DIO_voidEnablePullUps
 .text.TIMERS_voidInit
                0x00000d84       0x7e ./MCAL/timers_program.o
                0x00000d84                TIMERS_voidInit
 .text.TIMER0_u8StartWithclockAndPrescalerSelect
                0x00000e02      0x1c0 ./MCAL/timers_program.o
                0x00000e02                TIMER0_u8StartWithclockAndPrescalerSelect
 .text.TIMER0_voidstop
                0x00000fc2       0x38 ./MCAL/timers_program.o
                0x00000fc2                TIMER0_voidstop
 .text.TIMERS_u8ClearIntFlag
                0x00000ffa       0x64 ./MCAL/timers_program.o
                0x00000ffa                TIMERS_u8ClearIntFlag
 .text.TIMERS_u8GetIntFlag
                0x0000105e       0x70 ./MCAL/timers_program.o
                0x0000105e                TIMERS_u8GetIntFlag
 .text.TIMERS_u8IntModesEn
                0x000010ce       0x80 ./MCAL/timers_program.o
                0x000010ce                TIMERS_u8IntModesEn
 .text.TIMERS_u8IntModesDis
                0x0000114e       0x64 ./MCAL/timers_program.o
                0x0000114e                TIMERS_u8IntModesDis
 .text.Timer0_u8setOverFlowRegTicksBeforeOV
                0x000011b2       0x2e ./MCAL/timers_program.o
                0x000011b2                Timer0_u8setOverFlowRegTicksBeforeOV
 .text.Timer0_u8setCompareRegTicksBeforeOV
                0x000011e0       0x24 ./MCAL/timers_program.o
                0x000011e0                Timer0_u8setCompareRegTicksBeforeOV
 .text.TIMER0_u8setCallBack
                0x00001204       0x76 ./MCAL/timers_program.o
                0x00001204                TIMER0_u8setCallBack
 .text.__vector_10
                0x0000127a       0x66 ./MCAL/timers_program.o
                0x0000127a                __vector_10
 .text.__vector_11
                0x000012e0       0x66 ./MCAL/timers_program.o
                0x000012e0                __vector_11
 .text.TIMER0_u8BusyWaitMS
                0x00001346      0x3d6 ./MCAL/timers_program.o
                0x00001346                TIMER0_u8BusyWaitMS
 .text.TIMER0_u8BusyWaitUS
                0x0000171c       0xba ./MCAL/timers_program.o
                0x0000171c                TIMER0_u8BusyWaitUS
 .text.TIMER0_u8InterruptWait
                0x000017d6       0xb8 ./MCAL/timers_program.o
                0x000017d6                TIMER0_u8InterruptWait
 .text.void_IntWaitControlFlagCount
                0x0000188e      0x26a ./MCAL/timers_program.o
                0x0000188e                void_IntWaitControlFlagCount
 .text.LCD_voidInit
                0x00001af8      0x126 ./ECUAL/lcd_program.o
                0x00001af8                LCD_voidInit
 .text.LCD_voidsendCommandData
                0x00001c1e      0x12c ./ECUAL/lcd_program.o
                0x00001c1e                LCD_voidsendCommandData
 .text.LCD_voidPrintChar
                0x00001d4a       0x1e ./ECUAL/lcd_program.o
                0x00001d4a                LCD_voidPrintChar
 .text.LCD_voidPrintStr
                0x00001d68       0x56 ./ECUAL/lcd_program.o
                0x00001d68                LCD_voidPrintStr
 .text.LCD_voidPrintNum
                0x00001dbe      0x138 ./ECUAL/lcd_program.o
                0x00001dbe                LCD_voidPrintNum
 .text.LCD_voidMoveCursor
                0x00001ef6       0x3c ./ECUAL/lcd_program.o
                0x00001ef6                LCD_voidMoveCursor
 .text.LM35_voidInit
                0x00001f32       0x2a ./ECUAL/temp_sensor_lm35_program.o
                0x00001f32                LM35_voidInit
 .text.LM35_u8GetTempInC
                0x00001f5c      0x132 ./ECUAL/temp_sensor_lm35_program.o
                0x00001f5c                LM35_u8GetTempInC
 .text.main     0x0000208e       0x44 ./APP/main.o
                0x0000208e                main
 .text.libgcc   0x000020d2       0x3e d:/imt_sdk_win_64/winavr/bin/../lib/gcc/avr/4.3.3/avr5\libgcc.a(_mulsi3.o)
                0x000020d2                __mulsi3
 .text.libgcc   0x00002110       0x44 d:/imt_sdk_win_64/winavr/bin/../lib/gcc/avr/4.3.3/avr5\libgcc.a(_udivmodsi4.o)
                0x00002110                __udivmodsi4
 .text.libgcc   0x00002154        0x0 d:/imt_sdk_win_64/winavr/bin/../lib/gcc/avr/4.3.3/avr5\libgcc.a(_exit.o)
 .text.libgcc   0x00002154        0x0 d:/imt_sdk_win_64/winavr/bin/../lib/gcc/avr/4.3.3/avr5\libgcc.a(_copy_data.o)
 .text.libgcc   0x00002154        0x0 d:/imt_sdk_win_64/winavr/bin/../lib/gcc/avr/4.3.3/avr5\libgcc.a(_clear_bss.o)
                0x00002154                . = ALIGN (0x2)
 *(.fini9)
 .fini9         0x00002154        0x0 d:/imt_sdk_win_64/winavr/bin/../lib/gcc/avr/4.3.3/avr5\libgcc.a(_exit.o)
                0x00002154                exit
                0x00002154                _exit
 *(.fini9)
 *(.fini8)
 *(.fini8)
 *(.fini7)
 *(.fini7)
 *(.fini6)
 *(.fini6)
 *(.fini5)
 *(.fini5)
 *(.fini4)
 *(.fini4)
 *(.fini3)
 *(.fini3)
 *(.fini2)
 *(.fini2)
 *(.fini1)
 *(.fini1)
 *(.fini0)
 .fini0         0x00002154        0x4 d:/imt_sdk_win_64/winavr/bin/../lib/gcc/avr/4.3.3/avr5\libgcc.a(_exit.o)
 *(.fini0)
                0x00002158                _etext = .

.data           0x00800060       0x10 load address 0x00002158
                0x00800060                PROVIDE (__data_start, .)
 *(.data)
 .data          0x00800060        0x0 d:/imt_sdk_win_64/winavr/bin/../lib/gcc/avr/4.3.3/../../../../avr/lib/avr5/crtm32.o
 .data          0x00800060        0x0 ./MCAL/adc_program.o
 .data          0x00800060        0x0 ./MCAL/dio_program.o
 .data          0x00800060        0x0 ./MCAL/timers_program.o
 .data          0x00800060        0x0 ./ECUAL/lcd_program.o
 .data          0x00800060        0x0 ./ECUAL/temp_sensor_lm35_program.o
 .data          0x00800060        0xd ./APP/main.o
 .data          0x0080006d        0x0 d:/imt_sdk_win_64/winavr/bin/../lib/gcc/avr/4.3.3/avr5\libgcc.a(_mulsi3.o)
 .data          0x0080006d        0x0 d:/imt_sdk_win_64/winavr/bin/../lib/gcc/avr/4.3.3/avr5\libgcc.a(_udivmodsi4.o)
 .data          0x0080006d        0x0 d:/imt_sdk_win_64/winavr/bin/../lib/gcc/avr/4.3.3/avr5\libgcc.a(_exit.o)
 .data          0x0080006d        0x0 d:/imt_sdk_win_64/winavr/bin/../lib/gcc/avr/4.3.3/avr5\libgcc.a(_copy_data.o)
 .data          0x0080006d        0x0 d:/imt_sdk_win_64/winavr/bin/../lib/gcc/avr/4.3.3/avr5\libgcc.a(_clear_bss.o)
 *(.data*)
 .data.gu8_FinishIntWaitFlag
                0x0080006d        0x1 ./MCAL/timers_program.o
                0x0080006d                gu8_FinishIntWaitFlag
 .data.gu8_FlagIfTimer0Used
                0x0080006e        0x1 ./MCAL/timers_program.o
 *(.rodata)
 *(.rodata*)
 *(.gnu.linkonce.d*)
                0x00800070                . = ALIGN (0x2)
 *fill*         0x0080006f        0x1 00
                0x00800070                _edata = .
                0x00800070                PROVIDE (__data_end, .)

.bss            0x00800070       0x12
                0x00800070                PROVIDE (__bss_start, .)
 *(.bss)
 .bss           0x00800070        0x0 d:/imt_sdk_win_64/winavr/bin/../lib/gcc/avr/4.3.3/../../../../avr/lib/avr5/crtm32.o
 .bss           0x00800070        0x0 ./MCAL/adc_program.o
 .bss           0x00800070        0x0 ./MCAL/dio_program.o
 .bss           0x00800070        0x0 ./MCAL/timers_program.o
 .bss           0x00800070        0x0 ./ECUAL/lcd_program.o
 .bss           0x00800070        0x0 ./ECUAL/temp_sensor_lm35_program.o
 .bss           0x00800070        0x0 ./APP/main.o
 .bss           0x00800070        0x0 d:/imt_sdk_win_64/winavr/bin/../lib/gcc/avr/4.3.3/avr5\libgcc.a(_mulsi3.o)
 .bss           0x00800070        0x0 d:/imt_sdk_win_64/winavr/bin/../lib/gcc/avr/4.3.3/avr5\libgcc.a(_udivmodsi4.o)
 .bss           0x00800070        0x0 d:/imt_sdk_win_64/winavr/bin/../lib/gcc/avr/4.3.3/avr5\libgcc.a(_exit.o)
 .bss           0x00800070        0x0 d:/imt_sdk_win_64/winavr/bin/../lib/gcc/avr/4.3.3/avr5\libgcc.a(_copy_data.o)
 .bss           0x00800070        0x0 d:/imt_sdk_win_64/winavr/bin/../lib/gcc/avr/4.3.3/avr5\libgcc.a(_clear_bss.o)
 *(.bss*)
 .bss.ADCSetCallBackISR
                0x00800070        0x2 ./MCAL/adc_program.o
 .bss.Timer0CompareMatchSetCallBackISR
                0x00800072        0x2 ./MCAL/timers_program.o
 .bss.Timer0OverFlowSetCallBackISR
                0x00800074        0x2 ./MCAL/timers_program.o
 .bss.gu64_IntWaitcounter
                0x00800076        0x8 ./MCAL/timers_program.o
 .bss.su8_Temp4.1261
                0x0080007e        0x1 ./ECUAL/temp_sensor_lm35_program.o
 .bss.su8_NewTemp3.1260
                0x0080007f        0x1 ./ECUAL/temp_sensor_lm35_program.o
 .bss.su8_Temp2.1259
                0x00800080        0x1 ./ECUAL/temp_sensor_lm35_program.o
 .bss.su8_Temp1.1258
                0x00800081        0x1 ./ECUAL/temp_sensor_lm35_program.o
 *(COMMON)
                0x00800082                PROVIDE (__bss_end, .)
                0x00002158                __data_load_start = LOADADDR (.data)
                0x00002168                __data_load_end = (__data_load_start + SIZEOF (.data))

.noinit         0x00800082        0x0
                0x00800082                PROVIDE (__noinit_start, .)
 *(.noinit*)
                0x00800082                PROVIDE (__noinit_end, .)
                0x00800082                _end = .
                0x00800082                PROVIDE (__heap_start, .)

.eeprom         0x00810000        0x0
 *(.eeprom*)
                0x00810000                __eeprom_end = .

.fuse
 *(.fuse)
 *(.lfuse)
 *(.hfuse)
 *(.efuse)

.lock
 *(.lock*)

.signature
 *(.signature*)

.stab           0x00000000     0x2850
 *(.stab)
 .stab          0x00000000      0x78c ./MCAL/adc_program.o
 .stab          0x0000078c      0x888 ./MCAL/dio_program.o
                                0x99c (size before relaxing)
 .stab          0x00001014      0xc00 ./MCAL/timers_program.o
                                0xd14 (size before relaxing)
 .stab          0x00001c14      0x6c0 ./ECUAL/lcd_program.o
                                0x6cc (size before relaxing)
 .stab          0x000022d4      0x2f4 ./ECUAL/temp_sensor_lm35_program.o
                                0x408 (size before relaxing)
 .stab          0x000025c8      0x288 ./APP/main.o
                                0x294 (size before relaxing)

.stabstr        0x00000000      0xfa9
 *(.stabstr)
 .stabstr       0x00000000      0xfa9 ./MCAL/adc_program.o

.stab.excl
 *(.stab.excl)

.stab.exclstr
 *(.stab.exclstr)

.stab.index
 *(.stab.index)

.stab.indexstr
 *(.stab.indexstr)

.comment
 *(.comment)

.debug
 *(.debug)

.line
 *(.line)

.debug_srcinfo
 *(.debug_srcinfo)

.debug_sfnames
 *(.debug_sfnames)

.debug_aranges
 *(.debug_aranges)

.debug_pubnames
 *(.debug_pubnames)

.debug_info
 *(.debug_info)
 *(.gnu.linkonce.wi.*)

.debug_abbrev
 *(.debug_abbrev)

.debug_line
 *(.debug_line)

.debug_frame
 *(.debug_frame)

.debug_str
 *(.debug_str)

.debug_loc
 *(.debug_loc)

.debug_macinfo
 *(.debug_macinfo)
OUTPUT(TEMP_SHOW_ON_LCD.elf elf32-avr)
LOAD linker stubs
